C:\Users\AbarnaaSree\Desktop\java el project\suite\src\main\java\com\travel\suite\config\WebConfig.java
C:\Users\AbarnaaSree\Desktop\java el project\suite\src\main\java\com\travel\suite\controller\AdminController.java
C:\Users\AbarnaaSree\Desktop\java el project\suite\src\main\java\com\travel\suite\controller\TravelController.java
C:\Users\AbarnaaSree\Desktop\java el project\suite\src\main\java\com\travel\suite\converter\CityConverter.java
C:\Users\AbarnaaSree\Desktop\java el project\suite\src\main\java\com\travel\suite\exception\UserNotFoundException.java
C:\Users\AbarnaaSree\Desktop\java el project\suite\src\main\java\com\travel\suite\model\City.java
C:\Users\AbarnaaSree\Desktop\java el project\suite\src\main\java\com\travel\suite\model\Country.java
C:\Users\AbarnaaSree\Desktop\java el project\suite\src\main\java\com\travel\suite\model\Destination.java
C:\Users\AbarnaaSree\Desktop\java el project\suite\src\main\java\com\travel\suite\model\TravelData.java
C:\Users\AbarnaaSree\Desktop\java el project\suite\src\main\java\com\travel\suite\model\User.java
C:\Users\AbarnaaSree\Desktop\java el project\suite\src\main\java\com\travel\suite\repository\CityRepository.java
C:\Users\AbarnaaSree\Desktop\java el project\suite\src\main\java\com\travel\suite\repository\DestinationRepository.java
C:\Users\AbarnaaSree\Desktop\java el project\suite\src\main\java\com\travel\suite\repository\UserRepository.java
C:\Users\AbarnaaSree\Desktop\java el project\suite\src\main\java\com\travel\suite\service\CityService.java
C:\Users\AbarnaaSree\Desktop\java el project\suite\src\main\java\com\travel\suite\service\DestinationService.java
C:\Users\AbarnaaSree\Desktop\java el project\suite\src\main\java\com\travel\suite\service\impl\DestinationServiceImpl.java
C:\Users\AbarnaaSree\Desktop\java el project\suite\src\main\java\com\travel\suite\service\impl\UserServiceImpl.java
C:\Users\AbarnaaSree\Desktop\java el project\suite\src\main\java\com\travel\suite\service\UserService.java
C:\Users\AbarnaaSree\Desktop\java el project\suite\src\main\java\com\travel\suite\SuiteApplication.java
